11:58:57 [INFO] ========================================================
11:58:57 [INFO] Keil project → GitHub 定时同步（稳定性增强版）
11:58:57 [INFO] 扫描目录: C:\Users\Bogod\Desktop\Keil project
11:58:57 [INFO] 间隔: 每 12 小时
11:58:57 [INFO] push重试: 3 次
11:58:57 [INFO] 仓库重命名检测: 开启
11:58:57 [INFO] 网络检查: 开启
11:58:57 [INFO] ========================================================
11:58:57 [INFO] Git 路径: C:\Program Files\Git\cmd\git.exe
11:58:58 [INFO] 远程仓库: https://github.com/Bogod-hub/Bo-codespace.git
11:58:58 [INFO] 当前提交: 5c2637a fix: 重建.gitignore，移除误跟踪的.uvopt/.uvgui/.hex文件
11:58:58 [INFO] 定时同步已启动。按 Ctrl+C 停止。

11:58:58 [INFO] --- 磁盘清理开始 ---
11:58:58 [INFO]   清空目录: 2-1点亮一个led\Listings/
11:58:58 [INFO]   清空目录: 2-1点亮一个led\Objects/
11:58:58 [INFO]   清空目录: 2-2led闪烁\Listings/
11:58:58 [INFO]   清空目录: 2-2led闪烁\Objects/
11:58:58 [INFO]   清空目录: 2-3led流水灯\Listings/
11:58:58 [INFO]   清空目录: 2-3led流水灯\Objects/
11:58:58 [INFO]   清空目录: 2-4led流水灯plus\Listings/
11:58:58 [INFO]   清空目录: 2-4led流水灯plus\Objects/
11:58:58 [INFO]   清空目录: 3-1独立按键控制led亮灭\Listings/
11:58:58 [INFO]   清空目录: 3-1独立按键控制led亮灭\Objects/
11:58:58 [INFO]   清空目录: 3-2独立按键控制led状态\Listings/
11:58:58 [INFO]   清空目录: 3-2独立按键控制led状态\Objects/
11:58:58 [INFO]   清空目录: 3-3独立按键控制led显示二进制\Listings/
11:58:58 [INFO]   清空目录: 3-3独立按键控制led显示二进制\Objects/
11:58:58 [INFO]   清空目录: 3-4独立按键控制led移位\Listings/
11:58:58 [INFO]   清空目录: 3-4独立按键控制led移位\Objects/
11:58:58 [INFO]   清空目录: 4-1静态数码管显示\Listings/
11:58:58 [INFO]   清空目录: 4-1静态数码管显示\Objects/
11:58:58 [INFO]   清空目录: 4-2动态数码管显示\Listings/
11:58:58 [INFO]   清空目录: 4-2动态数码管显示\Objects/
11:58:58 [INFO]   清空目录: 5-1模块化编程\Listings/
11:58:58 [INFO]   清空目录: 5-1模块化编程\Objects/
11:58:58 [INFO]   清空目录: 5-2LCD1602调试工具\Listings/
11:58:58 [INFO]   清空目录: 5-2LCD1602调试工具\Objects/
11:58:58 [INFO]   清空目录: 6-1矩阵键盘\Listings/
11:58:58 [INFO]   清空目录: 6-1矩阵键盘\Objects/
11:58:58 [INFO]   清空目录: 6-2矩阵键盘密码锁\Listings/
11:58:58 [INFO]   清空目录: 6-2矩阵键盘密码锁\Objects/
11:58:58 [INFO]   清空目录: 7-1按键控制流水灯模式\Listings/
11:58:58 [INFO]   清空目录: 7-1按键控制流水灯模式\Objects/
11:58:58 [INFO]   清空目录: 7-2定时器时钟\Listings/
11:58:58 [INFO]   清空目录: 7-2定时器时钟\Objects/
11:58:58 [INFO]   清空目录: 番外-俄罗斯方块（ai）\Listings/
11:58:58 [INFO]   清空目录: 番外-俄罗斯方块（ai）\Objects/
11:58:58 [INFO] 磁盘清理完成: 无垃圾文件
11:58:58 [INFO] === 开始同步周期 ===
11:58:58 [ERROR] git add 失败: fatal: cannot use .git/info/exclude as an exclude file
11:58:58 [INFO] === 同步周期结束 ===

11:58:58 [INFO] 下次扫描: 23:58:58 ( 12h 后 )
